// Jest Snapshot v1, https://goo.gl/fbAQLP

exports[`renders empty product list 1`] = `
"<div>
  <div class=\\"product-list\\"></div>
  <div class=\\"product-view\\">
    <div>
      <div>
        <div class=\\"session-list-container\\">
          <div class=\\"session-list\\"></div>
          <div class=\\"selected-view message\\">No product selected</div>
        </div>
        <div class=\\"chart-toolbar\\"><button class=\\"on\\"><i class=\\"material-icons\\">battery_charging_full</i></button><button class=\\"on\\"><i class=\\"material-icons\\">directions_car</i></button></div>
      </div>
    </div>
  </div>
</div>"
`;
