// Jest Snapshot v1, https://goo.gl/fbAQLP

exports[`renders product list item 1`] = `
"<div class=\\"list-item product red_pinwheel18\\">
  <div class=\\"row\\">
    <h2 class=\\"name\\">Display Name</h2>
    <div class=\\"battery_level end\\"><span>60%</span>
      <div class=\\"battery-icon\\" style=\\"width: 40px;\\"><svg viewBox=\\"0 0 40 20\\"></svg></div><span>182.9 mi</span></div>
  </div>
  <div class=\\"row\\">
    <div class=\\"odometer start\\">123.5 miles</div>
  </div>
  <div class=\\"row\\">
    <div class=\\"status start\\">Driving</div>
  </div>
</div>"
`;
