// Jest Snapshot v1, https://goo.gl/fbAQLP

exports[`renders session list item 1`] = `
"<div class=\\"list-item drive \\">
  <div class=\\"row\\"><i class=\\"material-icons\\" style=\\"color: rgb(63, 106, 225);\\">directions_car</i>
    <div class=\\"start\\">Today at 4:55 PM</div>
    <div class=\\"end\\">53</div>
  </div>
  <div>
    <div class=\\"row\\">
      <div class=\\"start\\"><span>2.2 miles</span></div>
      <div class=\\"end\\">148.3 mph</div>
    </div>
  </div>
</div>"
`;
